Microchip MPLAB XC8 Compiler V2.36

Linker command line:

-W-3 --edf=C:\Program Files\Microchip\xc8\v2.36\pic\dat\en_msgs.txt -cn \
  -h+dist/default/production\Micro_Mixer.X.production.sym \
  --cmf=dist/default/production\Micro_Mixer.X.production.cmf -z -Q18F24K50 \
  -oC:\Users\jakel\AppData\Local\Temp\xcAs9nc.4 --defsym=__MPLAB_BUILD=1 \
  -Mdist/default/production/Micro_Mixer.X.production.map \
  --md=C:\Users\jakel\AppData\Local\Temp\xcAs9nc.dat -E1 -ver=XC8 Compiler \
  --acfsm=1493 -ACODE=00h-03FFFh -ACONST=00h-03FFFh \
  -ASMALLCONST=0800h-08FFhx56 -AMEDIUMCONST=0800h-03FFFh -ACOMRAM=01h-05Fh \
  -AABS1=00h-07FFh -ABIGRAM=01h-07FFh -ARAM=060h-0FFh,0100h-01FFhx7 \
  -ABANK0=060h-0FFh -ABANK1=0100h-01FFh -ABANK2=0200h-02FFh \
  -ABANK3=0300h-03FFh -ABANK4=0400h-04FFh -ABANK5=0500h-05FFh \
  -ABANK6=0600h-06FFh -ABANK7=0700h-07FFh -ASFR=0F53h-0F5Fh,0F60h-0FFFh \
  -ABIGSFR=0F53h-0FFFh -ACONFIG=0300000h-030000Dh -AIDLOC=0200000h-0200007h \
  -AEEDATA=0F00000h-0F000FFh -peeprom_data=EEDATA \
  -preset_vec=00h,intcode=08h,intcodelo,powerup,init -pramtop=0800h \
  -psmallconst=SMALLCONST -pmediumconst=MEDIUMCONST -pconst=CONST \
  -AFARRAM=00h-00h \
  -prdata=COMRAM,nvrram=COMRAM,nvbit=COMRAM,rbss=COMRAM,rbit=COMRAM \
  -pfarbss=FARRAM,fardata=FARRAM,nvFARRAM=FARRAM \
  -pintsave_regs=BIGRAM,bigbss=BIGRAM,bigdata=BIGRAM -pbss=RAM \
  -pidata=CODE,irdata=CODE,ibigdata=CODE,ifardata=CODE -prparam=COMRAM \
  C:\Users\jakel\AppData\Local\Temp\xcAs9nc.o \
  dist/default/production\Micro_Mixer.X.production.o 

Object code version is 3.11

Machine type is 18F24K50



                Name                               Link     Load   Length Selector   Space Scale
C:\Users\jakel\AppData\Local\Temp\xcAs9nc.o
                idloc                            200000   200000        8        0       5
                config                           300000   300000        E        0       4
                init                                 62       62        4        4       0
                reset_vec                             0        0        4        0       0
dist/default/production\Micro_Mixer.X.production.o
                intcode                               8        8       5A        4       0
                idloc                            200000   200000        8        0       5
                config                           300000   300000        E        0       4
                temp                                 4E       4E        1        1       1
                smallconst                          800      800       C8      400       0
                text38                             1F50     1F50      110      464       0
                text37                             2060     2060      10A      464       0
                text36                             216A     216A       F2      464       0
                text35                             194C     194C      144      464       0
                text34                             281C     281C       74      464       0
                text33                             24B2     24B2       AC      464       0
                text32                             2940     2940       4C      464       0
                text31                             1802     1802      14A      464       0
                text30                             2A56     2A56       34      464       0
                text29                             12AE     12AE      172      464       0
                text28                             271A     271A       8C      464       0
                text27                             255E     255E       9C      464       0
                text26                              8C8      8C8      35C      464       0
                text25                             113A     113A      174      464       0
                text24                             1E2E     1E2E      122      464       0
                text23                              FC4      FC4      176      464       0
                text22                             225C     225C       EA      464       0
                text21                             1D08     1D08      126      464       0
                text20                             23FE     23FE       B4      464       0
                text19                             1A90     1A90      142      464       0
                text18                             268A     268A       90      464       0
                text17                             28F0     28F0       50      464       0
                text16                             2346     2346       B8      464       0
                text15                             2A8A     2A8A       32      464       0
                text14                             2890     2890       60      464       0
                text13                             2ABC     2ABC       2C      464       0
                text12                             2A18     2A18       3E      464       0
                text11                             16B8     16B8      14A      464       0
                text10                              C24      C24      228      464       0
                text8                              1420     1420      14E      464       0
                text7                              27A6     27A6       76      464       0
                text6                              1BD2     1BD2      136      464       0
                text5                              25FA     25FA       90      464       0
                text4                              2B0A     2B0A        2      464       0
                text3                              29D2     29D2       46      464       0
                text2                               E4C      E4C      178      464       0
                text1                              156E     156E      14A      464       0
                text0                              2AE8     2AE8       1E      464       0
                cstackCOMRAM                          1        1       29        1       1
                cstackBANK0                          7E       7E        F       60       1
                bssBANK0                             60       60       1E       60       1
                dataCOMRAM                           4A       4A        4        1       1
                bssCOMRAM                            2A       2A       20        1       1
                cinit                              298C     298C       46      464       0
                idataCOMRAM                        2B06     2B06        4      464       0

TOTAL           Name                               Link     Load   Length     Space
        CLASS   CODE           
                intcode                               8        8       5A         0
                init                                 62       62        4         0
                reset_vec                             0        0        4         0
                text38                             1F50     1F50      110         0
                text37                             2060     2060      10A         0
                text36                             216A     216A       F2         0
                text35                             194C     194C      144         0
                text34                             281C     281C       74         0
                text33                             24B2     24B2       AC         0
                text32                             2940     2940       4C         0
                text31                             1802     1802      14A         0
                text30                             2A56     2A56       34         0
                text29                             12AE     12AE      172         0
                text28                             271A     271A       8C         0
                text27                             255E     255E       9C         0
                text26                              8C8      8C8      35C         0
                text25                             113A     113A      174         0
                text24                             1E2E     1E2E      122         0
                text23                              FC4      FC4      176         0
                text22                             225C     225C       EA         0
                text21                             1D08     1D08      126         0
                text20                             23FE     23FE       B4         0
                text19                             1A90     1A90      142         0
                text18                             268A     268A       90         0
                text17                             28F0     28F0       50         0
                text16                             2346     2346       B8         0
                text15                             2A8A     2A8A       32         0
                text14                             2890     2890       60         0
                text13                             2ABC     2ABC       2C         0
                text12                             2A18     2A18       3E         0
                text11                             16B8     16B8      14A         0
                text10                              C24      C24      228         0
                text8                              1420     1420      14E         0
                text7                              27A6     27A6       76         0
                text6                              1BD2     1BD2      136         0
                text5                              25FA     25FA       90         0
                text4                              2B0A     2B0A        2         0
                text3                              29D2     29D2       46         0
                text2                               E4C      E4C      178         0
                text1                              156E     156E      14A         0
                text0                              2AE8     2AE8       1E         0
                cinit                              298C     298C       46         0
                idataCOMRAM                        2B06     2B06        4         0

        CLASS   CONST          

        CLASS   SMALLCONST     
                smallconst                          800      800       C8         0

        CLASS   MEDIUMCONST    

        CLASS   COMRAM         
                temp                                 4E       4E        1         1
                cstackCOMRAM                          1        1       29         1
                dataCOMRAM                           4A       4A        4         1
                bssCOMRAM                            2A       2A       20         1

        CLASS   ABS1           
                abs_s1                              400      400       30         1
                abs_s1                              500      500       80         1

        CLASS   BIGRAM         

        CLASS   RAM            

        CLASS   BANK0          
                cstackBANK0                          7E       7E        F         1
                bssBANK0                             60       60       1E         1

        CLASS   BANK1          

        CLASS   BANK2          

        CLASS   BANK3          

        CLASS   BANK4          

        CLASS   BANK5          

        CLASS   BANK6          

        CLASS   BANK7          

        CLASS   SFR            

        CLASS   BIGSFR         

        CLASS   CONFIG         
                config                           300000   300000        E         4

        CLASS   IDLOC          
                idloc                            200000   200000        8         5

        CLASS   EEDATA         

        CLASS   FARRAM         

        CLASS   HEAP           

        CLASS   STACK          



SEGMENTS        Name                           Load    Length   Top    Selector   Space  Class

                reset_vec                      000000  000004  000004         0       0  CODE    
                cstackCOMRAM                   000001  00004E  00004F         1       1  COMRAM  
                intcode                        000008  00005E  000066         4       0  CODE    
                bssBANK0                       000060  00002D  00008D        60       1  BANK0   
                smallconst                     000800  0000C8  0008C8       400       0  SMALLCON
                text26                         0008C8  002244  002B0C       464       0  CODE    


UNUSED ADDRESS RANGES

        Name                Unused          Largest block    Delta
        BANK0            00008D-0000FF               73
        BANK1            000100-0001FF              100
        BANK2            000200-0002FF              100
        BANK3            000300-0003FF              100
        BANK4            000430-0004FF               D0
        BANK5            000580-0005FF               80
        BANK6            000600-0006FF              100
        BANK7            000700-0007FF              100
        BIGRAM           00004F-00005F               11
                         00008D-0003FF              373
                         000430-0004FF               D0
                         000580-0007FF              280
        BIGSFR           000F53-000FFF               AD
        CODE             000004-000007                4
                         000066-0007FF              79A
                         002B0C-003FFF             14F4
        COMRAM           00004F-00005F               11
        CONST            000004-000007                4
                         000066-0007FF              79A
                         002B0C-003FFF             14F4
        EEDATA           F00000-F000FF              100
        MEDIUMCONST      002B0C-003FFF             14F4
        RAM              00008D-0003FF              100
                         000430-0004FF               D0
                         000580-0007FF              100
        SFR              000F53-000FFF                D
        SMALLCONST       002B0C-003FFF              100

                                  Symbol Table

?_USBTransferOnePacket                   cstackBANK0  00007E
?i2_USBTransferOnePacket                 cstackCOMRAM 000001
MixerTasks@i                             cstackBANK0  00008B
SYSTEM_Initialize@state                  cstackBANK0  000080
USBConfigureEndpoint@EPNum               cstackCOMRAM 000006
USBConfigureEndpoint@direction           cstackCOMRAM 000001
USBConfigureEndpoint@handle              cstackCOMRAM 000007
USBCtrlTrfInHandler@lastDTS              cstackCOMRAM 000002
USBCtrlTrfRxService@byteToRead           cstackCOMRAM 000002
USBCtrlTrfRxService@i                    cstackCOMRAM 000001
USBCtrlTrfTxService@byteToSend           cstackCOMRAM 000001
USBDeviceInit@i                          cstackBANK0  00008A
USBDeviceTasks@i                         cstackCOMRAM 00001F
USBEnableEndpoint@ep                     cstackCOMRAM 00000C
USBEnableEndpoint@options                cstackCOMRAM 000009
USBEnableEndpoint@p                      cstackCOMRAM 00000A
USBStdFeatureReqHandler@current_ep_data  cstackCOMRAM 000019
USBStdFeatureReqHandler@p                cstackCOMRAM 00001A
USBStdFeatureReqHandler@pUEP             cstackCOMRAM 000017
USBStdGetStatusHandler@p                 cstackCOMRAM 000003
USBStdSetCfgHandler@i                    cstackCOMRAM 000015
USBTransferOnePacket@data                cstackBANK0  00007F
USBTransferOnePacket@dir                 cstackBANK0  00007E
USBTransferOnePacket@ep                  cstackBANK0  000086
USBTransferOnePacket@handle              cstackBANK0  000087
USBTransferOnePacket@len                 cstackBANK0  000081
USER_USB_CALLBACK_EVENT_HANDLER@event    cstackCOMRAM 00000D
USER_USB_CALLBACK_EVENT_HANDLER@pdata    cstackCOMRAM 00000F
USER_USB_CALLBACK_EVENT_HANDLER@size     cstackCOMRAM 000011
_ACTCON                                  (abs)        000FB5
_ADCON0bits                              (abs)        000FC2
_ADCON1bits                              (abs)        000FC1
_ADCON2bits                              (abs)        000FC0
_ADRESH                                  (abs)        000FC4
_BDT                                     (abs)        000400
_BothEP0OutUOWNsSet                      bssCOMRAM    00003E
_CtrlTrfData                             (abs)        000428
_INTCONbits                              (abs)        000FF2
_IPR3bits                                (abs)        000FA5
_MixerInitialize                         text30       002A56
_MixerTasks                              text6        001BD2
_OSCCON                                  (abs)        000FD3
_OSCCON2                                 (abs)        000FD2
_OSCCON2bits                             (abs)        000FD2
_OSCTUNE                                 (abs)        000F9B
_PIE3bits                                (abs)        000FA3
_PIR3bits                                (abs)        000FA4
_PORTBbits                               (abs)        000F81
_PORTC                                   (abs)        000F82
_RCONbits                                (abs)        000FD0
_ReceivedDataBuffer                      (abs)        000500
_RemoteWakeup                            bssCOMRAM    000041
_SYSTEM_Initialize                       text5        0025FA
_SYSTEM_Tasks                            text4        002B0A
_SYS_InterruptHigh                       intcode      000008
_SetupPkt                                (abs)        000420
_TRISA                                   (abs)        000F92
_TRISB                                   (abs)        000F93
_TRISC                                   (abs)        000F94
_ToSendDataBuffer                        (abs)        000540
_UADDR                                   (abs)        000F63
_UCFG                                    (abs)        000F62
_UCON                                    (abs)        000F60
_UCONbits                                (abs)        000F60
_UEIE                                    (abs)        000F66
_UEIR                                    (abs)        000F67
_UEP0                                    (abs)        000F6A
_UEP0bits                                (abs)        000F6A
_UEP1                                    (abs)        000F6B
_UIE                                     (abs)        000F64
_UIEbits                                 (abs)        000F64
_UIR                                     (abs)        000F65
_UIRbits                                 (abs)        000F65
_USB1msTickCount                         bssCOMRAM    00002A
_USBActiveConfiguration                  bssCOMRAM    000049
_USBAlternateInterface                   bssCOMRAM    000048
_USBBusIsSuspended                       bssCOMRAM    000040
_USBCheckHIDRequest                      text29       0012AE
_USBCheckStdRequest                      text21       001D08
_USBConfigureEndpoint                    text33       0024B2
_USBCtrlEPAllowDataStage                 text20       0023FE
_USBCtrlEPAllowStatusStage               text36       00216A
_USBCtrlEPService                        text16       002346
_USBCtrlEPServiceComplete                text19       001A90
_USBCtrlTrfInHandler                     text37       002060
_USBCtrlTrfOutHandler                    text34       00281C
_USBCtrlTrfRxService                     text35       00194C
_USBCtrlTrfSetupHandler                  text18       00268A
_USBCtrlTrfTxService                     text38       001F50
_USBDeferINDataStagePackets              bssCOMRAM    000039
_USBDeferOUTDataStagePackets             bssCOMRAM    000038
_USBDeferStatusStagePacket               bssCOMRAM    00003C
_USBDeviceAttach                         text3        0029D2
_USBDeviceInit                           text1        00156E
_USBDeviceState                          bssCOMRAM    000044
_USBDeviceTasks                          text10       000C24
_USBEnableEndpoint                       text32       002940
_USBInHandle                             bssBANK0     000076
_USBIncrement1msInternalTimers           text15       002A8A
_USBOutHandle                            bssBANK0     000078
_USBStallHandler                         text14       002890
_USBStatusStageEnabledFlag1              bssCOMRAM    00003B
_USBStatusStageEnabledFlag2              bssCOMRAM    00003A
_USBStatusStageTimeoutCounter            bssCOMRAM    00003D
_USBStdFeatureReqHandler                 text26       0008C8
_USBStdGetDscHandler                     text25       00113A
_USBStdGetStatusHandler                  text24       001E2E
_USBStdSetCfgHandler                     text22       00225C
_USBSuspend                              text13       002ABC
_USBTicksSinceSuspendEnd                 bssCOMRAM    000037
_USBTransferOnePacket                    text8        001420
_USBWakeFromSuspend                      text12       002A18
_USB_CD_Ptr                              smallconst   000807
_USB_SD_Ptr                              smallconst   000801
_USER_USB_CALLBACK_EVENT_HANDLER         text27       00255E
_USTAT                                   (abs)        000F61
_USTATcopy                               bssCOMRAM    000047
__HRAM                                   (abs)        000000
__Habs1                                  abs1         000000
__Hbank0                                 bank0        000000
__Hbank1                                 bank1        000000
__Hbank2                                 bank2        000000
__Hbank3                                 bank3        000000
__Hbank4                                 bank4        000000
__Hbank5                                 bank5        000000
__Hbank6                                 bank6        000000
__Hbank7                                 bank7        000000
__Hbigbss                                bigbss       000000
__Hbigdata                               bigdata      000000
__Hbigram                                bigram       000000
__Hbigsfr                                bigsfr       000000
__Hbss                                   bss          000000
__HbssBANK0                              bssBANK0     000000
__HbssCOMRAM                             bssCOMRAM    000000
__Hcinit                                 cinit        000000
__Hclrtext                               clrtext      000000
__Hcomram                                comram       000000
__Hconfig                                config       30000E
__Hconst                                 const        000000
__HcstackBANK0                           cstackBANK0  000000
__HcstackCOMRAM                          cstackCOMRAM 000000
__Hdata                                  data         000000
__HdataCOMRAM                            dataCOMRAM   000000
__Heeprom_data                           eeprom_data  000000
__Hfarbss                                farbss       000000
__Hfardata                               fardata      000000
__Hheap                                  heap         000000
__Hibigdata                              ibigdata     000000
__Hidata                                 idata        000000
__HidataCOMRAM                           idataCOMRAM  000000
__Hidloc                                 idloc        200008
__Hifardata                              ifardata     000000
__Hinit                                  init         000066
__Hintcode                               intcode      000062
__Hintcode_body                          intcode_body 000000
__Hintcodelo                             intcodelo    000062
__Hintentry                              intentry     000000
__Hintret                                intret       000000
__Hintsave_regs                          intsave_regs 000000
__Hirdata                                irdata       000000
__Hmediumconst                           mediumconst  000000
__HnvFARRAM                              nvFARRAM     000000
__Hnvbit                                 nvbit        000000
__Hnvrram                                nvrram       000000
__Hparam                                 rparam       000000
__Hpowerup                               powerup      000062
__Hram                                   ram          000000
__Hramtop                                ramtop       000800
__Hrbit                                  rbit         000000
__Hrbss                                  rbss         000000
__Hrdata                                 rdata        000000
__Hreset_vec                             reset_vec    000004
__Hrparam                                rparam       000000
__Hsfr                                   sfr          000000
__Hsmallconst                            smallconst   0008C8
__Hspace_0                               (abs)        002B0C
__Hspace_1                               (abs)        00008D
__Hspace_2                               (abs)        000000
__Hspace_4                               (abs)        60000E
__Hstack                                 stack        000000
__Hstruct                                struct       000000
__Htemp                                  temp         00004F
__Htext                                  text         000000
__Htext0                                 text0        000000
__Htext1                                 text1        000000
__Htext10                                text10       000000
__Htext11                                text11       000000
__Htext12                                text12       000000
__Htext13                                text13       000000
__Htext14                                text14       000000
__Htext15                                text15       000000
__Htext16                                text16       000000
__Htext17                                text17       000000
__Htext18                                text18       000000
__Htext19                                text19       000000
__Htext2                                 text2        000000
__Htext20                                text20       000000
__Htext21                                text21       000000
__Htext22                                text22       000000
__Htext23                                text23       000000
__Htext24                                text24       000000
__Htext25                                text25       000000
__Htext26                                text26       000000
__Htext27                                text27       000000
__Htext28                                text28       000000
__Htext29                                text29       000000
__Htext3                                 text3        000000
__Htext30                                text30       000000
__Htext31                                text31       000000
__Htext32                                text32       000000
__Htext33                                text33       000000
__Htext34                                text34       000000
__Htext35                                text35       000000
__Htext36                                text36       000000
__Htext37                                text37       000000
__Htext38                                text38       000000
__Htext4                                 text4        000000
__Htext5                                 text5        000000
__Htext6                                 text6        000000
__Htext7                                 text7        000000
__Htext8                                 text8        000000
__LRAM                                   (abs)        000001
__Labs1                                  abs1         000000
__Lbank0                                 bank0        000000
__Lbank1                                 bank1        000000
__Lbank2                                 bank2        000000
__Lbank3                                 bank3        000000
__Lbank4                                 bank4        000000
__Lbank5                                 bank5        000000
__Lbank6                                 bank6        000000
__Lbank7                                 bank7        000000
__Lbigbss                                bigbss       000000
__Lbigdata                               bigdata      000000
__Lbigram                                bigram       000000
__Lbigsfr                                bigsfr       000000
__Lbss                                   bss          000000
__LbssBANK0                              bssBANK0     000000
__LbssCOMRAM                             bssCOMRAM    000000
__Lcinit                                 cinit        000000
__Lclrtext                               clrtext      000000
__Lcomram                                comram       000000
__Lconfig                                config       000000
__Lconst                                 const        000000
__LcstackBANK0                           cstackBANK0  000000
__LcstackCOMRAM                          cstackCOMRAM 000000
__Ldata                                  data         000000
__LdataCOMRAM                            dataCOMRAM   000000
__Leeprom_data                           eeprom_data  000000
__Lfarbss                                farbss       000000
__Lfardata                               fardata      000000
__Lheap                                  heap         000000
__Libigdata                              ibigdata     000000
__Lidata                                 idata        000000
__LidataCOMRAM                           idataCOMRAM  000000
__Lidloc                                 idloc        000000
__Lifardata                              ifardata     000000
__Linit                                  init         000062
__Lintcode                               intcode      000008
__Lintcode_body                          intcode_body 000000
__Lintcodelo                             intcodelo    000062
__Lintentry                              intentry     000000
__Lintret                                intret       000000
__Lintsave_regs                          intsave_regs 000000
__Lirdata                                irdata       000000
__Lmediumconst                           mediumconst  000000
__LnvFARRAM                              nvFARRAM     000000
__Lnvbit                                 nvbit        000000
__Lnvrram                                nvrram       000000
__Lparam                                 rparam       000000
__Lpowerup                               powerup      000062
__Lram                                   ram          000000
__Lramtop                                ramtop       000800
__Lrbit                                  rbit         000000
__Lrbss                                  rbss         000000
__Lrdata                                 rdata        000000
__Lreset_vec                             reset_vec    000000
__Lrparam                                rparam       000000
__Lsfr                                   sfr          000000
__Lsmallconst                            smallconst   000800
__Lspace_0                               (abs)        000000
__Lspace_1                               (abs)        000000
__Lspace_2                               (abs)        000000
__Lspace_4                               (abs)        000000
__Lstack                                 stack        000000
__Lstruct                                struct       000000
__Ltemp                                  temp         00004E
__Ltext                                  text         000000
__Ltext0                                 text0        000000
__Ltext1                                 text1        000000
__Ltext10                                text10       000000
__Ltext11                                text11       000000
__Ltext12                                text12       000000
__Ltext13                                text13       000000
__Ltext14                                text14       000000
__Ltext15                                text15       000000
__Ltext16                                text16       000000
__Ltext17                                text17       000000
__Ltext18                                text18       000000
__Ltext19                                text19       000000
__Ltext2                                 text2        000000
__Ltext20                                text20       000000
__Ltext21                                text21       000000
__Ltext22                                text22       000000
__Ltext23                                text23       000000
__Ltext24                                text24       000000
__Ltext25                                text25       000000
__Ltext26                                text26       000000
__Ltext27                                text27       000000
__Ltext28                                text28       000000
__Ltext29                                text29       000000
__Ltext3                                 text3        000000
__Ltext30                                text30       000000
__Ltext31                                text31       000000
__Ltext32                                text32       000000
__Ltext33                                text33       000000
__Ltext34                                text34       000000
__Ltext35                                text35       000000
__Ltext36                                text36       000000
__Ltext37                                text37       000000
__Ltext38                                text38       000000
__Ltext4                                 text4        000000
__Ltext5                                 text5        000000
__Ltext6                                 text6        000000
__Ltext7                                 text7        000000
__Ltext8                                 text8        000000
__S0                                     (abs)        002B0C
__S1                                     (abs)        00008D
__S4                                     (abs)        000000
__S5                                     (abs)        000000
___heap_hi                               (abs)        000000
___heap_lo                               (abs)        000000
___inthi_sp                              stack        000000
___intlo_sp                              stack        000000
___param_bank                            (abs)        000000
___rparam_used                           (abs)        000001
___sp                                    stack        000000
__accesstop                              (abs)        000060
__activetblptr                           (abs)        000002
__end_of_MixerInitialize                 text30       002A8A
__end_of_MixerTasks                      text6        001D08
__end_of_SYSTEM_Initialize               text5        00268A
__end_of_SYSTEM_Tasks                    text4        002B0C
__end_of_SYS_InterruptHigh               intcode      000062
__end_of_USBCheckHIDRequest              text29       001420
__end_of_USBCheckStdRequest              text21       001E2E
__end_of_USBConfigureEndpoint            text33       00255E
__end_of_USBCtrlEPAllowDataStage         text20       0024B2
__end_of_USBCtrlEPAllowStatusStage       text36       00225C
__end_of_USBCtrlEPService                text16       0023FE
__end_of_USBCtrlEPServiceComplete        text19       001BD2
__end_of_USBCtrlTrfInHandler             text37       00216A
__end_of_USBCtrlTrfOutHandler            text34       002890
__end_of_USBCtrlTrfRxService             text35       001A90
__end_of_USBCtrlTrfSetupHandler          text18       00271A
__end_of_USBCtrlTrfTxService             text38       002060
__end_of_USBDeviceAttach                 text3        002A18
__end_of_USBDeviceInit                   text1        0016B8
__end_of_USBDeviceTasks                  text10       000E4C
__end_of_USBEnableEndpoint               text32       00298C
__end_of_USBIncrement1msInternalTimers   text15       002ABC
__end_of_USBStallHandler                 text14       0028F0
__end_of_USBStdFeatureReqHandler         text26       000C24
__end_of_USBStdGetDscHandler             text25       0012AE
__end_of_USBStdGetStatusHandler          text24       001F50
__end_of_USBStdSetCfgHandler             text22       002346
__end_of_USBSuspend                      text13       002AE8
__end_of_USBTransferOnePacket            text8        00156E
__end_of_USBWakeFromSuspend              text12       002A56
__end_of_USB_CD_Ptr                      smallconst   000809
__end_of_USB_SD_Ptr                      smallconst   000807
__end_of_USER_USB_CALLBACK_EVENT_HANDLER text27       0025FA
__end_of__initialization                 cinit        0029C4
__end_of_configDescriptor1               smallconst   000894
__end_of_device_dsc                      smallconst   0008C3
__end_of_hid_rpt01                       smallconst   0008B1
__end_of_main                            text0        002B06
__end_of_memcpy                          text17       002940
__end_of_memset                          text2        000FC4
__end_of_readSliders                     text7        00281C
__end_of_sd000                           smallconst   0008C7
__end_of_sd001                           smallconst   00083D
__end_of_sd002                           smallconst   00086B
__end_ofi2_SYSTEM_Initialize             text28       0027A6
__end_ofi2_USBDeviceInit                 text11       001802
__end_ofi2_USBTransferOnePacket          text31       00194C
__end_ofi2_memset                        text23       00113A
__initialization                         cinit        00298C
__mediumconst                            mediumconst  000000
__pbssBANK0                              bssBANK0     000060
__pbssCOMRAM                             bssCOMRAM    00002A
__pcinit                                 cinit        00298C
__pcstackBANK0                           cstackBANK0  00007E
__pcstackCOMRAM                          cstackCOMRAM 000001
__pdataCOMRAM                            dataCOMRAM   00004A
__pidataCOMRAM                           idataCOMRAM  002B06
__pintcode                               intcode      000008
__psmallconst                            smallconst   000800
__ptext0                                 text0        002AE8
__ptext1                                 text1        00156E
__ptext10                                text10       000C24
__ptext11                                text11       0016B8
__ptext12                                text12       002A18
__ptext13                                text13       002ABC
__ptext14                                text14       002890
__ptext15                                text15       002A8A
__ptext16                                text16       002346
__ptext17                                text17       0028F0
__ptext18                                text18       00268A
__ptext19                                text19       001A90
__ptext2                                 text2        000E4C
__ptext20                                text20       0023FE
__ptext21                                text21       001D08
__ptext22                                text22       00225C
__ptext23                                text23       000FC4
__ptext24                                text24       001E2E
__ptext25                                text25       00113A
__ptext26                                text26       0008C8
__ptext27                                text27       00255E
__ptext28                                text28       00271A
__ptext29                                text29       0012AE
__ptext3                                 text3        0029D2
__ptext30                                text30       002A56
__ptext31                                text31       001802
__ptext32                                text32       002940
__ptext33                                text33       0024B2
__ptext34                                text34       00281C
__ptext35                                text35       00194C
__ptext36                                text36       00216A
__ptext37                                text37       002060
__ptext38                                text38       001F50
__ptext4                                 text4        002B0A
__ptext5                                 text5        0025FA
__ptext6                                 text6        001BD2
__ptext7                                 text7        0027A6
__ptext8                                 text8        001420
__ramtop                                 ramtop       000800
__smallconst                             smallconst   000800
_active_protocol                         bssCOMRAM    000045
_configDescriptor1                       smallconst   00086B
_controlTransferState                    bssCOMRAM    000042
_device_dsc                              smallconst   0008B1
_endpoint_number                         bssCOMRAM    00003F
_ep_data_in                              bssBANK0     00007C
_ep_data_out                             bssBANK0     00007A
_hid_rpt01                               smallconst   000894
_idle_rate                               bssCOMRAM    000046
_inPipes                                 bssBANK0     000068
_keysPressed                             bssCOMRAM    000036
_lastMuteAction                          bssCOMRAM    000035
_main                                    text0        002AE8
_memcpy                                  text17       0028F0
_memset                                  text2        000E4C
_muteStates                              bssCOMRAM    000034
_outPipes                                bssBANK0     000060
_pBDTEntryEP0OutCurrent                  bssCOMRAM    000032
_pBDTEntryEP0OutNext                     bssCOMRAM    000030
_pBDTEntryIn                             bssBANK0     00006E
_pBDTEntryOut                            bssBANK0     000072
_pDst                                    bssCOMRAM    00002E
_readSliders                             text7        0027A6
_sd000                                   smallconst   0008C3
_sd001                                   smallconst   000809
_sd002                                   smallconst   00083D
_shortPacketStatus                       bssCOMRAM    000043
btemp                                    temp         00004E
end_of_initialization                    cinit        0029C4
i2SYSTEM_Initialize@state                cstackCOMRAM 000003
i2USBDeviceInit@i                        cstackCOMRAM 00000D
i2USBTransferOnePacket@data              cstackCOMRAM 000002
i2USBTransferOnePacket@dir               cstackCOMRAM 000001
i2USBTransferOnePacket@ep                cstackCOMRAM 000009
i2USBTransferOnePacket@handle            cstackCOMRAM 00000A
i2USBTransferOnePacket@len               cstackCOMRAM 000004
i2_SYSTEM_Initialize                     text28       00271A
i2_USBDeviceInit                         text11       0016B8
i2_USBTransferOnePacket                  text31       001802
i2_memset                                text23       000FC4
i2memset@c                               cstackCOMRAM 000003
i2memset@dest                            cstackCOMRAM 000001
i2memset@k                               cstackCOMRAM 000009
i2memset@n                               cstackCOMRAM 000005
i2memset@s                               cstackCOMRAM 00000B
int$flags                                temp         00004E
intlevel0                                text         000000
intlevel1                                text         000000
intlevel2                                text         000000
intlevel3                                text         000000
isa$std                                  (abs)        000001
isa$xinst                                (abs)        000000
memcpy@d                                 cstackCOMRAM 000007
memcpy@d1                                cstackCOMRAM 000001
memcpy@n                                 cstackCOMRAM 000005
memcpy@s                                 cstackCOMRAM 000009
memcpy@s1                                cstackCOMRAM 000003
memcpy@tmp                               cstackCOMRAM 00000B
memset@c                                 cstackBANK0  000080
memset@dest                              cstackBANK0  00007E
memset@k                                 cstackBANK0  000086
memset@n                                 cstackBANK0  000082
memset@s                                 cstackBANK0  000088
readSliders@F5305                        dataCOMRAM   00004A
readSliders@i                            cstackBANK0  000085
readSliders@output                       cstackBANK0  00007E
readSliders@sliders                      cstackBANK0  000081
stackhi                                  (abs)        000000
stacklo                                  (abs)        000000
start                                    init         000062
start_initialization                     cinit        00298C
ttemp5                                   temp         00004F
ttemp6                                   temp         000052
ttemp7                                   temp         000056
wtemp8                                   temp         00004F


MODULE INFORMATION

Module		Function		Class		Link	Load	Size
../demo_src/usb_events.c
		_USER_USB_CALLBACK_EVENT_HANDLER		CODE           	255E	0000	156

../demo_src/usb_events.c estimated size: 156

../usb/src/usb_device.c
		_USBCtrlTrfInHandler		CODE           	2060	0000	266
		_USBTransferOnePacket		CODE           	1420	0000	334
		_USBDeviceAttach		CODE           	29D2	0000	70
		_USBStdGetDscHandler		CODE           	113A	0000	372
		_USBCtrlEPAllowDataStage		CODE           	23FE	0000	180
		_USBStdFeatureReqHandler		CODE           	08C8	0000	860
		_USBCtrlEPAllowStatusStage		CODE           	216A	0000	242
		_USBCtrlTrfSetupHandler		CODE           	268A	0000	144
		_USBCtrlTrfOutHandler		CODE           	281C	0000	116
		_USBCtrlEPServiceComplete		CODE           	1A90	0000	322
		_USBSuspend    		CODE           	2ABC	0000	44
		_USBStdSetCfgHandler		CODE           	225C	0000	234
		_USBStdGetStatusHandler		CODE           	1E2E	0000	290
		_USBWakeFromSuspend		CODE           	2A18	0000	62
		_USBCtrlTrfRxService		CODE           	194C	0000	324
		_USBCtrlTrfTxService		CODE           	1F50	0000	272
		_USBEnableEndpoint		CODE           	2940	0000	76
		_USBConfigureEndpoint		CODE           	24B2	0000	172
		_USBDeviceInit 		CODE           	156E	0000	330
		_USBIncrement1msInternalTimers		CODE           	2A8A	0000	50
		_USBCtrlEPService		CODE           	2346	0000	184
		_USBStallHandler		CODE           	2890	0000	96
		_USBDeviceTasks		CODE           	0C24	0000	552
		_USBCheckStdRequest		CODE           	1D08	0000	294

../usb/src/usb_device.c estimated size: 5886

C:\Program Files\Microchip\xc8\v2.36\pic\sources\c99\common\memset.c
		_memset        		CODE           	0E4C	0000	376

C:\Program Files\Microchip\xc8\v2.36\pic\sources\c99\common\memset.c estimated size: 376

../usb/src/usb_device_hid.c
		_USBCheckHIDRequest		CODE           	12AE	0000	370

../usb/src/usb_device_hid.c estimated size: 370

shared
		_configDescriptor1		SMALLCONST     	086B	0000	41
		_USB_CD_Ptr    		SMALLCONST     	0807	0000	2
		_sd001         		SMALLCONST     	0809	0000	52
		_sd002         		SMALLCONST     	083D	0000	46
		i2_USBDeviceInit		CODE           	16B8	0000	330
		__initialization		CODE           	298C	0000	56
		_device_dsc    		SMALLCONST     	08B1	0000	18
		i2_SYSTEM_Initialize		CODE           	271A	0000	140
		_USB_SD_Ptr    		SMALLCONST     	0801	0000	6
		_hid_rpt01     		SMALLCONST     	0894	0000	29
		i2_memset      		CODE           	0FC4	0000	374
		_sd000         		SMALLCONST     	08C3	0000	4
		i2_USBTransferOnePacket		CODE           	1802	0000	330

shared estimated size: 1428

C:\Program Files\Microchip\xc8\v2.36\pic\sources\c99\common\memcpy.c
		_memcpy        		CODE           	28F0	0000	80

C:\Program Files\Microchip\xc8\v2.36\pic\sources\c99\common\memcpy.c estimated size: 80

system.c
		_SYS_InterruptHigh		CODE           	0008	0000	90
		_SYSTEM_Tasks  		CODE           	2B0A	0000	2
		_SYSTEM_Initialize		CODE           	25FA	0000	144

system.c estimated size: 236

../demo_src/main.c
		_main          		CODE           	2AE8	0000	30

../demo_src/main.c estimated size: 30

../demo_src/app_device_custom_hid.h.c
		_MixerTasks    		CODE           	1BD2	0000	310
		_readSliders   		CODE           	27A6	0000	118
		_MixerInitialize		CODE           	2A56	0000	52

../demo_src/app_device_custom_hid.h.c estimated size: 480

