Microchip MPLAB XC8 Compiler V2.36

Linker command line:

-W-3 --edf=C:\Program Files\Microchip\xc8\v2.36\pic\dat\en_msgs.txt -cn \
  -h+dist/default/debug\Micro_Mixer.X.debug.sym \
  --cmf=dist/default/debug\Micro_Mixer.X.debug.cmf -z -Q18F24K50 \
  -oC:\Users\jakel\AppData\Local\Temp\xcAs51s.4 --defsym=__MPLAB_BUILD=1 \
  -Mdist/default/debug/Micro_Mixer.X.debug.map \
  --md=C:\Users\jakel\AppData\Local\Temp\xcAs51s.dat -E1 -ver=XC8 Compiler \
  --acfsm=1493 -ACODE=00h-03FFFh -ACONST=00h-03FFFh \
  -ASMALLCONST=0800h-08FFhx56 -AMEDIUMCONST=0800h-03FFFh -ACOMRAM=01h-05Fh \
  -AABS1=00h-07FFh -ABIGRAM=01h-07FFh -ARAM=060h-0FFh,0100h-01FFhx7 \
  -ABANK0=060h-0FFh -ABANK1=0100h-01FFh -ABANK2=0200h-02FFh \
  -ABANK3=0300h-03FFh -ABANK4=0400h-04FFh -ABANK5=0500h-05FFh \
  -ABANK6=0600h-06FFh -ABANK7=0700h-07FFh -ASFR=0F53h-0F5Fh,0F60h-0FFCh \
  -ABIGSFR=0F53h-0FFCh -ACONFIG=0300000h-030000Dh -AIDLOC=0200000h-0200007h \
  -AEEDATA=0F00000h-0F000FFh -peeprom_data=EEDATA \
  -preset_vec=00h,intcode=08h,intcodelo,powerup,init -pramtop=0800h \
  -psmallconst=SMALLCONST -pmediumconst=MEDIUMCONST -pconst=CONST \
  -AFARRAM=00h-00h \
  -prdata=COMRAM,nvrram=COMRAM,nvbit=COMRAM,rbss=COMRAM,rbit=COMRAM \
  -pfarbss=FARRAM,fardata=FARRAM,nvFARRAM=FARRAM \
  -pintsave_regs=BIGRAM,bigbss=BIGRAM,bigdata=BIGRAM -pbss=RAM \
  -pidata=CODE,irdata=CODE,ibigdata=CODE,ifardata=CODE -prparam=COMRAM \
  C:\Users\jakel\AppData\Local\Temp\xcAs51s.o \
  dist/default/debug\Micro_Mixer.X.debug.o 

Object code version is 3.11

Machine type is 18F24K50



                Name                               Link     Load   Length Selector   Space Scale
C:\Users\jakel\AppData\Local\Temp\xcAs51s.o
                idloc                            200000   200000        8        0       5
                config                           300000   300000        E        0       4
                init                                 62       62        4        4       0
                reset_vec                             0        0        6        0       0
dist/default/debug\Micro_Mixer.X.debug.o
                intcode                               8        8       5A        4       0
                idloc                            200000   200000        8        0       5
                config                           300000   300000        E        0       4
                temp                                 4E       4E        1        1       1
                smallconst                          800      800       C8      400       0
                text39                             1FCC     1FCC      110      464       0
                text38                             20DC     20DC      10A      464       0
                text37                             21E6     21E6       F2      464       0
                text36                             1AFE     1AFE      144      464       0
                text35                             29F6     29F6       74      464       0
                text34                             25EC     25EC       AC      464       0
                text33                             2B1A     2B1A       4C      464       0
                text32                             19B4     19B4      14A      464       0
                text31                             2C30     2C30       34      464       0
                text30                             1460     1460      172      464       0
                text29                             28F4     28F4       8C      464       0
                text28                             2738     2738       9C      464       0
                text27                              8C8      8C8      35C      464       0
                text26                             12EC     12EC      174      464       0
                text25                             1EAA     1EAA      122      464       0
                text24                             1176     1176      176      464       0
                text23                             22D8     22D8       EA      464       0
                text22                             1D84     1D84      126      464       0
                text21                             2538     2538       B4      464       0
                text20                             1C42     1C42      142      464       0
                text19                             2864     2864       90      464       0
                text18                             2ACA     2ACA       50      464       0
                text17                             2480     2480       B8      464       0
                text16                             2C64     2C64       32      464       0
                text15                             2A6A     2A6A       60      464       0
                text14                             2C96     2C96       2C      464       0
                text13                             2BF2     2BF2       3E      464       0
                text12                             186A     186A      14A      464       0
                text11                              C24      C24      228      464       0
                text9                              15D2     15D2      14E      464       0
                text8                              2980     2980       76      464       0
                text7                              23C2     23C2       BE      464       0
                text6                              2698     2698       A0      464       0
                text5                               E4C      E4C      1B2      464       0
                text4                              27D4     27D4       90      464       0
                text3                              2BAC     2BAC       46      464       0
                text2                               FFE      FFE      178      464       0
                text1                              1720     1720      14A      464       0
                text0                              2CC2     2CC2       1A      464       0
                cstackCOMRAM                          1        1       29        1       1
                cstackBANK0                          7F       7F       13       60       1
                bssBANK0                             60       60       1F       60       1
                dataCOMRAM                           4A       4A        4        1       1
                bssCOMRAM                            2A       2A       20        1       1
                cinit                              2B66     2B66       46      464       0
                idataCOMRAM                        2CDC     2CDC        4      464       0

TOTAL           Name                               Link     Load   Length     Space
        CLASS   CODE           
                intcode                               8        8       5A         0
                init                                 62       62        4         0
                reset_vec                             0        0        6         0
                text39                             1FCC     1FCC      110         0
                text38                             20DC     20DC      10A         0
                text37                             21E6     21E6       F2         0
                text36                             1AFE     1AFE      144         0
                text35                             29F6     29F6       74         0
                text34                             25EC     25EC       AC         0
                text33                             2B1A     2B1A       4C         0
                text32                             19B4     19B4      14A         0
                text31                             2C30     2C30       34         0
                text30                             1460     1460      172         0
                text29                             28F4     28F4       8C         0
                text28                             2738     2738       9C         0
                text27                              8C8      8C8      35C         0
                text26                             12EC     12EC      174         0
                text25                             1EAA     1EAA      122         0
                text24                             1176     1176      176         0
                text23                             22D8     22D8       EA         0
                text22                             1D84     1D84      126         0
                text21                             2538     2538       B4         0
                text20                             1C42     1C42      142         0
                text19                             2864     2864       90         0
                text18                             2ACA     2ACA       50         0
                text17                             2480     2480       B8         0
                text16                             2C64     2C64       32         0
                text15                             2A6A     2A6A       60         0
                text14                             2C96     2C96       2C         0
                text13                             2BF2     2BF2       3E         0
                text12                             186A     186A      14A         0
                text11                              C24      C24      228         0
                text9                              15D2     15D2      14E         0
                text8                              2980     2980       76         0
                text7                              23C2     23C2       BE         0
                text6                              2698     2698       A0         0
                text5                               E4C      E4C      1B2         0
                text4                              27D4     27D4       90         0
                text3                              2BAC     2BAC       46         0
                text2                               FFE      FFE      178         0
                text1                              1720     1720      14A         0
                text0                              2CC2     2CC2       1A         0
                cinit                              2B66     2B66       46         0
                idataCOMRAM                        2CDC     2CDC        4         0

        CLASS   CONST          

        CLASS   SMALLCONST     
                smallconst                          800      800       C8         0

        CLASS   MEDIUMCONST    

        CLASS   COMRAM         
                temp                                 4E       4E        1         1
                cstackCOMRAM                          1        1       29         1
                dataCOMRAM                           4A       4A        4         1
                bssCOMRAM                            2A       2A       20         1

        CLASS   ABS1           
                abs_s1                              400      400       30         1
                abs_s1                              500      500       80         1

        CLASS   BIGRAM         

        CLASS   RAM            

        CLASS   BANK0          
                cstackBANK0                          7F       7F       13         1
                bssBANK0                             60       60       1F         1

        CLASS   BANK1          

        CLASS   BANK2          

        CLASS   BANK3          

        CLASS   BANK4          

        CLASS   BANK5          

        CLASS   BANK6          

        CLASS   BANK7          

        CLASS   SFR            

        CLASS   BIGSFR         

        CLASS   CONFIG         
                config                           300000   300000        E         4

        CLASS   IDLOC          
                idloc                            200000   200000        8         5

        CLASS   EEDATA         

        CLASS   FARRAM         

        CLASS   HEAP           

        CLASS   STACK          



SEGMENTS        Name                           Load    Length   Top    Selector   Space  Class

                reset_vec                      000000  000006  000006         0       0  CODE    
                cstackCOMRAM                   000001  00004E  00004F         1       1  COMRAM  
                intcode                        000008  00005E  000066         4       0  CODE    
                bssBANK0                       000060  000032  000092        60       1  BANK0   
                smallconst                     000800  0000C8  0008C8       400       0  SMALLCON
                text27                         0008C8  002418  002CE0       464       0  CODE    


UNUSED ADDRESS RANGES

        Name                Unused          Largest block    Delta
        BANK0            000092-0000FF               6E
        BANK1            000100-0001FF              100
        BANK2            000200-0002FF              100
        BANK3            000300-0003FF              100
        BANK4            000430-0004FF               D0
        BANK5            000580-0005FF               80
        BANK6            000600-0006FF              100
        BANK7            000700-0007FF              100
        BIGRAM           00004F-00005F               11
                         000092-0003FF              36E
                         000430-0004FF               D0
                         000580-0007FF              280
        BIGSFR           000F53-000FFC               AA
        CODE             000006-000007                2
                         000066-0007FF              79A
                         002CE0-003FFF             1320
        COMRAM           00004F-00005F               11
        CONST            000006-000007                2
                         000066-0007FF              79A
                         002CE0-003FFF             1320
        EEDATA           F00000-F000FF              100
        MEDIUMCONST      002CE0-003FFF             1320
        RAM              000092-0003FF              100
                         000430-0004FF               D0
                         000580-0007FF              100
        SFR              000F53-000FFC                D
        SMALLCONST       002CE0-003FFF              100

                                  Symbol Table

?_USBTransferOnePacket                   cstackBANK0  00007F
?i2_USBTransferOnePacket                 cstackCOMRAM 000001
MixerTasks@i                             cstackBANK0  00008E
MixerTasks@i_2385                        cstackBANK0  000090
SYSTEM_Initialize@state                  cstackBANK0  000081
USBConfigureEndpoint@EPNum               cstackCOMRAM 000006
USBConfigureEndpoint@direction           cstackCOMRAM 000001
USBConfigureEndpoint@handle              cstackCOMRAM 000007
USBCtrlTrfInHandler@lastDTS              cstackCOMRAM 000002
USBCtrlTrfRxService@byteToRead           cstackCOMRAM 000002
USBCtrlTrfRxService@i                    cstackCOMRAM 000001
USBCtrlTrfTxService@byteToSend           cstackCOMRAM 000001
USBDeviceInit@i                          cstackBANK0  00008B
USBDeviceTasks@i                         cstackCOMRAM 00001F
USBEnableEndpoint@ep                     cstackCOMRAM 00000C
USBEnableEndpoint@options                cstackCOMRAM 000009
USBEnableEndpoint@p                      cstackCOMRAM 00000A
USBStdFeatureReqHandler@current_ep_data  cstackCOMRAM 000019
USBStdFeatureReqHandler@p                cstackCOMRAM 00001A
USBStdFeatureReqHandler@pUEP             cstackCOMRAM 000017
USBStdGetStatusHandler@p                 cstackCOMRAM 000003
USBStdSetCfgHandler@i                    cstackCOMRAM 000015
USBTransferOnePacket@data                cstackBANK0  000080
USBTransferOnePacket@dir                 cstackBANK0  00007F
USBTransferOnePacket@ep                  cstackBANK0  000087
USBTransferOnePacket@handle              cstackBANK0  000088
USBTransferOnePacket@len                 cstackBANK0  000082
USER_USB_CALLBACK_EVENT_HANDLER@event    cstackCOMRAM 00000D
USER_USB_CALLBACK_EVENT_HANDLER@pdata    cstackCOMRAM 00000F
USER_USB_CALLBACK_EVENT_HANDLER@size     cstackCOMRAM 000011
_ACTCON                                  (abs)        000FB5
_ADCON0bits                              (abs)        000FC2
_ADCON1bits                              (abs)        000FC1
_ADCON2bits                              (abs)        000FC0
_ADRESH                                  (abs)        000FC4
_BDT                                     (abs)        000400
_BothEP0OutUOWNsSet                      bssCOMRAM    00003E
_CtrlTrfData                             (abs)        000428
_INTCONbits                              (abs)        000FF2
_IPR3bits                                (abs)        000FA5
_MixerInitialize                         text31       002C30
_MixerTasks                              text5        000E4C
_OSCCON                                  (abs)        000FD3
_OSCCON2                                 (abs)        000FD2
_OSCCON2bits                             (abs)        000FD2
_OSCTUNE                                 (abs)        000F9B
_PIE3bits                                (abs)        000FA3
_PIR3bits                                (abs)        000FA4
_PORTBbits                               (abs)        000F81
_PORTC                                   (abs)        000F82
_RCONbits                                (abs)        000FD0
_ReceivedDataBuffer                      (abs)        000500
_RemoteWakeup                            bssCOMRAM    000041
_SYSTEM_Initialize                       text4        0027D4
_SYS_InterruptHigh                       intcode      000008
_SetupPkt                                (abs)        000420
_TRISA                                   (abs)        000F92
_TRISB                                   (abs)        000F93
_TRISC                                   (abs)        000F94
_ToSendDataBuffer                        (abs)        000540
_UADDR                                   (abs)        000F63
_UCFG                                    (abs)        000F62
_UCON                                    (abs)        000F60
_UCONbits                                (abs)        000F60
_UEIE                                    (abs)        000F66
_UEIR                                    (abs)        000F67
_UEP0                                    (abs)        000F6A
_UEP0bits                                (abs)        000F6A
_UEP1                                    (abs)        000F6B
_UIE                                     (abs)        000F64
_UIEbits                                 (abs)        000F64
_UIR                                     (abs)        000F65
_UIRbits                                 (abs)        000F65
_USB1msTickCount                         bssCOMRAM    00002A
_USBActiveConfiguration                  bssCOMRAM    000049
_USBAlternateInterface                   bssCOMRAM    000048
_USBBusIsSuspended                       bssCOMRAM    000040
_USBCheckHIDRequest                      text30       001460
_USBCheckStdRequest                      text22       001D84
_USBConfigureEndpoint                    text34       0025EC
_USBCtrlEPAllowDataStage                 text21       002538
_USBCtrlEPAllowStatusStage               text37       0021E6
_USBCtrlEPService                        text17       002480
_USBCtrlEPServiceComplete                text20       001C42
_USBCtrlTrfInHandler                     text38       0020DC
_USBCtrlTrfOutHandler                    text35       0029F6
_USBCtrlTrfRxService                     text36       001AFE
_USBCtrlTrfSetupHandler                  text19       002864
_USBCtrlTrfTxService                     text39       001FCC
_USBDeferINDataStagePackets              bssCOMRAM    000039
_USBDeferOUTDataStagePackets             bssCOMRAM    000038
_USBDeferStatusStagePacket               bssCOMRAM    00003C
_USBDeviceAttach                         text3        002BAC
_USBDeviceInit                           text1        001720
_USBDeviceState                          bssCOMRAM    000044
_USBDeviceTasks                          text11       000C24
_USBEnableEndpoint                       text33       002B1A
_USBInHandle                             bssBANK0     000076
_USBIncrement1msInternalTimers           text16       002C64
_USBOutHandle                            bssBANK0     000078
_USBStallHandler                         text15       002A6A
_USBStatusStageEnabledFlag1              bssCOMRAM    00003B
_USBStatusStageEnabledFlag2              bssCOMRAM    00003A
_USBStatusStageTimeoutCounter            bssCOMRAM    00003D
_USBStdFeatureReqHandler                 text27       0008C8
_USBStdGetDscHandler                     text26       0012EC
_USBStdGetStatusHandler                  text25       001EAA
_USBStdSetCfgHandler                     text23       0022D8
_USBSuspend                              text14       002C96
_USBTicksSinceSuspendEnd                 bssCOMRAM    000037
_USBTransferOnePacket                    text9        0015D2
_USBWakeFromSuspend                      text13       002BF2
_USB_CD_Ptr                              smallconst   000807
_USB_SD_Ptr                              smallconst   000801
_USER_USB_CALLBACK_EVENT_HANDLER         text28       002738
_USTAT                                   (abs)        000F61
_USTATcopy                               bssCOMRAM    000047
__HRAM                                   (abs)        000000
__Habs1                                  abs1         000000
__Hbank0                                 bank0        000000
__Hbank1                                 bank1        000000
__Hbank2                                 bank2        000000
__Hbank3                                 bank3        000000
__Hbank4                                 bank4        000000
__Hbank5                                 bank5        000000
__Hbank6                                 bank6        000000
__Hbank7                                 bank7        000000
__Hbigbss                                bigbss       000000
__Hbigdata                               bigdata      000000
__Hbigram                                bigram       000000
__Hbigsfr                                bigsfr       000000
__Hbss                                   bss          000000
__HbssBANK0                              bssBANK0     000000
__HbssCOMRAM                             bssCOMRAM    000000
__Hcinit                                 cinit        000000
__Hclrtext                               clrtext      000000
__Hcomram                                comram       000000
__Hconfig                                config       30000E
__Hconst                                 const        000000
__HcstackBANK0                           cstackBANK0  000000
__HcstackCOMRAM                          cstackCOMRAM 000000
__Hdata                                  data         000000
__HdataCOMRAM                            dataCOMRAM   000000
__Heeprom_data                           eeprom_data  000000
__Hfarbss                                farbss       000000
__Hfardata                               fardata      000000
__Hheap                                  heap         000000
__Hibigdata                              ibigdata     000000
__Hidata                                 idata        000000
__HidataCOMRAM                           idataCOMRAM  000000
__Hidloc                                 idloc        200008
__Hifardata                              ifardata     000000
__Hinit                                  init         000066
__Hintcode                               intcode      000062
__Hintcode_body                          intcode_body 000000
__Hintcodelo                             intcodelo    000062
__Hintentry                              intentry     000000
__Hintret                                intret       000000
__Hintsave_regs                          intsave_regs 000000
__Hirdata                                irdata       000000
__Hmediumconst                           mediumconst  000000
__HnvFARRAM                              nvFARRAM     000000
__Hnvbit                                 nvbit        000000
__Hnvrram                                nvrram       000000
__Hparam                                 rparam       000000
__Hpowerup                               powerup      000062
__Hram                                   ram          000000
__Hramtop                                ramtop       000800
__Hrbit                                  rbit         000000
__Hrbss                                  rbss         000000
__Hrdata                                 rdata        000000
__Hreset_vec                             reset_vec    000006
__Hrparam                                rparam       000000
__Hsfr                                   sfr          000000
__Hsmallconst                            smallconst   0008C8
__Hspace_0                               (abs)        002CE0
__Hspace_1                               (abs)        000092
__Hspace_2                               (abs)        000000
__Hspace_4                               (abs)        60000E
__Hstack                                 stack        000000
__Hstruct                                struct       000000
__Htemp                                  temp         00004F
__Htext                                  text         000000
__Htext0                                 text0        000000
__Htext1                                 text1        000000
__Htext11                                text11       000000
__Htext12                                text12       000000
__Htext13                                text13       000000
__Htext14                                text14       000000
__Htext15                                text15       000000
__Htext16                                text16       000000
__Htext17                                text17       000000
__Htext18                                text18       000000
__Htext19                                text19       000000
__Htext2                                 text2        000000
__Htext20                                text20       000000
__Htext21                                text21       000000
__Htext22                                text22       000000
__Htext23                                text23       000000
__Htext24                                text24       000000
__Htext25                                text25       000000
__Htext26                                text26       000000
__Htext27                                text27       000000
__Htext28                                text28       000000
__Htext29                                text29       000000
__Htext3                                 text3        000000
__Htext30                                text30       000000
__Htext31                                text31       000000
__Htext32                                text32       000000
__Htext33                                text33       000000
__Htext34                                text34       000000
__Htext35                                text35       000000
__Htext36                                text36       000000
__Htext37                                text37       000000
__Htext38                                text38       000000
__Htext39                                text39       000000
__Htext4                                 text4        000000
__Htext5                                 text5        000000
__Htext6                                 text6        000000
__Htext7                                 text7        000000
__Htext8                                 text8        000000
__Htext9                                 text9        000000
__LRAM                                   (abs)        000001
__Labs1                                  abs1         000000
__Lbank0                                 bank0        000000
__Lbank1                                 bank1        000000
__Lbank2                                 bank2        000000
__Lbank3                                 bank3        000000
__Lbank4                                 bank4        000000
__Lbank5                                 bank5        000000
__Lbank6                                 bank6        000000
__Lbank7                                 bank7        000000
__Lbigbss                                bigbss       000000
__Lbigdata                               bigdata      000000
__Lbigram                                bigram       000000
__Lbigsfr                                bigsfr       000000
__Lbss                                   bss          000000
__LbssBANK0                              bssBANK0     000000
__LbssCOMRAM                             bssCOMRAM    000000
__Lcinit                                 cinit        000000
__Lclrtext                               clrtext      000000
__Lcomram                                comram       000000
__Lconfig                                config       000000
__Lconst                                 const        000000
__LcstackBANK0                           cstackBANK0  000000
__LcstackCOMRAM                          cstackCOMRAM 000000
__Ldata                                  data         000000
__LdataCOMRAM                            dataCOMRAM   000000
__Leeprom_data                           eeprom_data  000000
__Lfarbss                                farbss       000000
__Lfardata                               fardata      000000
__Lheap                                  heap         000000
__Libigdata                              ibigdata     000000
__Lidata                                 idata        000000
__LidataCOMRAM                           idataCOMRAM  000000
__Lidloc                                 idloc        000000
__Lifardata                              ifardata     000000
__Linit                                  init         000062
__Lintcode                               intcode      000008
__Lintcode_body                          intcode_body 000000
__Lintcodelo                             intcodelo    000062
__Lintentry                              intentry     000000
__Lintret                                intret       000000
__Lintsave_regs                          intsave_regs 000000
__Lirdata                                irdata       000000
__Lmediumconst                           mediumconst  000000
__LnvFARRAM                              nvFARRAM     000000
__Lnvbit                                 nvbit        000000
__Lnvrram                                nvrram       000000
__Lparam                                 rparam       000000
__Lpowerup                               powerup      000062
__Lram                                   ram          000000
__Lramtop                                ramtop       000800
__Lrbit                                  rbit         000000
__Lrbss                                  rbss         000000
__Lrdata                                 rdata        000000
__Lreset_vec                             reset_vec    000000
__Lrparam                                rparam       000000
__Lsfr                                   sfr          000000
__Lsmallconst                            smallconst   000800
__Lspace_0                               (abs)        000000
__Lspace_1                               (abs)        000000
__Lspace_2                               (abs)        000000
__Lspace_4                               (abs)        000000
__Lstack                                 stack        000000
__Lstruct                                struct       000000
__Ltemp                                  temp         00004E
__Ltext                                  text         000000
__Ltext0                                 text0        000000
__Ltext1                                 text1        000000
__Ltext11                                text11       000000
__Ltext12                                text12       000000
__Ltext13                                text13       000000
__Ltext14                                text14       000000
__Ltext15                                text15       000000
__Ltext16                                text16       000000
__Ltext17                                text17       000000
__Ltext18                                text18       000000
__Ltext19                                text19       000000
__Ltext2                                 text2        000000
__Ltext20                                text20       000000
__Ltext21                                text21       000000
__Ltext22                                text22       000000
__Ltext23                                text23       000000
__Ltext24                                text24       000000
__Ltext25                                text25       000000
__Ltext26                                text26       000000
__Ltext27                                text27       000000
__Ltext28                                text28       000000
__Ltext29                                text29       000000
__Ltext3                                 text3        000000
__Ltext30                                text30       000000
__Ltext31                                text31       000000
__Ltext32                                text32       000000
__Ltext33                                text33       000000
__Ltext34                                text34       000000
__Ltext35                                text35       000000
__Ltext36                                text36       000000
__Ltext37                                text37       000000
__Ltext38                                text38       000000
__Ltext39                                text39       000000
__Ltext4                                 text4        000000
__Ltext5                                 text5        000000
__Ltext6                                 text6        000000
__Ltext7                                 text7        000000
__Ltext8                                 text8        000000
__Ltext9                                 text9        000000
__S0                                     (abs)        002CE0
__S1                                     (abs)        000092
__S4                                     (abs)        000000
__S5                                     (abs)        000000
___heap_hi                               (abs)        000000
___heap_lo                               (abs)        000000
___inthi_sp                              stack        000000
___intlo_sp                              stack        000000
___param_bank                            (abs)        000000
___rparam_used                           (abs)        000001
___sp                                    stack        000000
__accesstop                              (abs)        000060
__activetblptr                           (abs)        000002
__end_of_MixerInitialize                 text31       002C64
__end_of_MixerTasks                      text5        000FFE
__end_of_SYSTEM_Initialize               text4        002864
__end_of_SYS_InterruptHigh               intcode      000062
__end_of_USBCheckHIDRequest              text30       0015D2
__end_of_USBCheckStdRequest              text22       001EAA
__end_of_USBConfigureEndpoint            text34       002698
__end_of_USBCtrlEPAllowDataStage         text21       0025EC
__end_of_USBCtrlEPAllowStatusStage       text37       0022D8
__end_of_USBCtrlEPService                text17       002538
__end_of_USBCtrlEPServiceComplete        text20       001D84
__end_of_USBCtrlTrfInHandler             text38       0021E6
__end_of_USBCtrlTrfOutHandler            text35       002A6A
__end_of_USBCtrlTrfRxService             text36       001C42
__end_of_USBCtrlTrfSetupHandler          text19       0028F4
__end_of_USBCtrlTrfTxService             text39       0020DC
__end_of_USBDeviceAttach                 text3        002BF2
__end_of_USBDeviceInit                   text1        00186A
__end_of_USBDeviceTasks                  text11       000E4C
__end_of_USBEnableEndpoint               text33       002B66
__end_of_USBIncrement1msInternalTimers   text16       002C96
__end_of_USBStallHandler                 text15       002ACA
__end_of_USBStdFeatureReqHandler         text27       000C24
__end_of_USBStdGetDscHandler             text26       001460
__end_of_USBStdGetStatusHandler          text25       001FCC
__end_of_USBStdSetCfgHandler             text23       0023C2
__end_of_USBSuspend                      text14       002CC2
__end_of_USBTransferOnePacket            text9        001720
__end_of_USBWakeFromSuspend              text13       002C30
__end_of_USB_CD_Ptr                      smallconst   000809
__end_of_USB_SD_Ptr                      smallconst   000807
__end_of_USER_USB_CALLBACK_EVENT_HANDLER text28       0027D4
__end_of__initialization                 cinit        002B9E
__end_of_configDescriptor1               smallconst   000894
__end_of_device_dsc                      smallconst   0008C3
__end_of_hid_rpt01                       smallconst   0008B1
__end_of_main                            text0        002CDC
__end_of_memcpy                          text18       002B1A
__end_of_memset                          text2        001176
__end_of_readSliders                     text8        0029F6
__end_of_scanRows                        text7        002480
__end_of_sd000                           smallconst   0008C7
__end_of_sd001                           smallconst   00083D
__end_of_sd002                           smallconst   00086B
__end_of_toggleMutes                     text6        002738
__end_ofi2_SYSTEM_Initialize             text29       002980
__end_ofi2_USBDeviceInit                 text12       0019B4
__end_ofi2_USBTransferOnePacket          text32       001AFE
__end_ofi2_memset                        text24       0012EC
__initialization                         cinit        002B66
__mediumconst                            mediumconst  000000
__pbssBANK0                              bssBANK0     000060
__pbssCOMRAM                             bssCOMRAM    00002A
__pcinit                                 cinit        002B66
__pcstackBANK0                           cstackBANK0  00007F
__pcstackCOMRAM                          cstackCOMRAM 000001
__pdataCOMRAM                            dataCOMRAM   00004A
__pidataCOMRAM                           idataCOMRAM  002CDC
__pintcode                               intcode      000008
__psmallconst                            smallconst   000800
__ptext0                                 text0        002CC2
__ptext1                                 text1        001720
__ptext11                                text11       000C24
__ptext12                                text12       00186A
__ptext13                                text13       002BF2
__ptext14                                text14       002C96
__ptext15                                text15       002A6A
__ptext16                                text16       002C64
__ptext17                                text17       002480
__ptext18                                text18       002ACA
__ptext19                                text19       002864
__ptext2                                 text2        000FFE
__ptext20                                text20       001C42
__ptext21                                text21       002538
__ptext22                                text22       001D84
__ptext23                                text23       0022D8
__ptext24                                text24       001176
__ptext25                                text25       001EAA
__ptext26                                text26       0012EC
__ptext27                                text27       0008C8
__ptext28                                text28       002738
__ptext29                                text29       0028F4
__ptext3                                 text3        002BAC
__ptext30                                text30       001460
__ptext31                                text31       002C30
__ptext32                                text32       0019B4
__ptext33                                text33       002B1A
__ptext34                                text34       0025EC
__ptext35                                text35       0029F6
__ptext36                                text36       001AFE
__ptext37                                text37       0021E6
__ptext38                                text38       0020DC
__ptext39                                text39       001FCC
__ptext4                                 text4        0027D4
__ptext5                                 text5        000E4C
__ptext6                                 text6        002698
__ptext7                                 text7        0023C2
__ptext8                                 text8        002980
__ptext9                                 text9        0015D2
__ramtop                                 ramtop       000800
__smallconst                             smallconst   000800
_active_protocol                         bssCOMRAM    000045
_configDescriptor1                       smallconst   00086B
_controlTransferState                    bssCOMRAM    000042
_device_dsc                              smallconst   0008B1
_endpoint_number                         bssCOMRAM    00003F
_ep_data_in                              bssBANK0     00007C
_ep_data_out                             bssBANK0     00007A
_hid_rpt01                               smallconst   000894
_idle_rate                               bssCOMRAM    000046
_inPipes                                 bssBANK0     000068
_keyStates                               bssCOMRAM    000035
_keysPressed                             bssCOMRAM    000036
_lastMuteAction                          bssCOMRAM    000034
_main                                    text0        002CC2
_memcpy                                  text18       002ACA
_memset                                  text2        000FFE
_muteStates                              bssBANK0     00007E
_outPipes                                bssBANK0     000060
_pBDTEntryEP0OutCurrent                  bssCOMRAM    000032
_pBDTEntryEP0OutNext                     bssCOMRAM    000030
_pBDTEntryIn                             bssBANK0     00006E
_pBDTEntryOut                            bssBANK0     000072
_pDst                                    bssCOMRAM    00002E
_readSliders                             text8        002980
_scanRows                                text7        0023C2
_sd000                                   smallconst   0008C3
_sd001                                   smallconst   000809
_sd002                                   smallconst   00083D
_shortPacketStatus                       bssCOMRAM    000043
_toggleMutes                             text6        002698
btemp                                    temp         00004E
end_of_initialization                    cinit        002B9E
i2SYSTEM_Initialize@state                cstackCOMRAM 000003
i2USBDeviceInit@i                        cstackCOMRAM 00000D
i2USBTransferOnePacket@data              cstackCOMRAM 000002
i2USBTransferOnePacket@dir               cstackCOMRAM 000001
i2USBTransferOnePacket@ep                cstackCOMRAM 000009
i2USBTransferOnePacket@handle            cstackCOMRAM 00000A
i2USBTransferOnePacket@len               cstackCOMRAM 000004
i2_SYSTEM_Initialize                     text29       0028F4
i2_USBDeviceInit                         text12       00186A
i2_USBTransferOnePacket                  text32       0019B4
i2_memset                                text24       001176
i2memset@c                               cstackCOMRAM 000003
i2memset@dest                            cstackCOMRAM 000001
i2memset@k                               cstackCOMRAM 000009
i2memset@n                               cstackCOMRAM 000005
i2memset@s                               cstackCOMRAM 00000B
int$flags                                temp         00004E
intlevel0                                text         000000
intlevel1                                text         000000
intlevel2                                text         000000
intlevel3                                text         000000
isa$std                                  (abs)        000001
isa$xinst                                (abs)        000000
memcpy@d                                 cstackCOMRAM 000007
memcpy@d1                                cstackCOMRAM 000001
memcpy@n                                 cstackCOMRAM 000005
memcpy@s                                 cstackCOMRAM 000009
memcpy@s1                                cstackCOMRAM 000003
memcpy@tmp                               cstackCOMRAM 00000B
memset@c                                 cstackBANK0  000081
memset@dest                              cstackBANK0  00007F
memset@k                                 cstackBANK0  000087
memset@n                                 cstackBANK0  000083
memset@s                                 cstackBANK0  000089
readSliders@F5306                        dataCOMRAM   00004A
readSliders@i                            cstackBANK0  000086
readSliders@output                       cstackBANK0  00007F
readSliders@sliders                      cstackBANK0  000082
stackhi                                  (abs)        000000
stacklo                                  (abs)        000000
start                                    init         000062
start_initialization                     cinit        002B66
toggleMutes@i                            cstackBANK0  000084
ttemp5                                   temp         00004F
ttemp6                                   temp         000052
ttemp7                                   temp         000056
wtemp8                                   temp         00004F


MODULE INFORMATION

Module		Function		Class		Link	Load	Size
../demo_src/usb_events.c
		_USER_USB_CALLBACK_EVENT_HANDLER		CODE           	2738	0000	156

../demo_src/usb_events.c estimated size: 156

../usb/src/usb_device.c
		_USBCtrlTrfInHandler		CODE           	20DC	0000	266
		_USBTransferOnePacket		CODE           	15D2	0000	334
		_USBDeviceAttach		CODE           	2BAC	0000	70
		_USBStdGetDscHandler		CODE           	12EC	0000	372
		_USBCtrlEPAllowDataStage		CODE           	2538	0000	180
		_USBStdFeatureReqHandler		CODE           	08C8	0000	860
		_USBCtrlEPAllowStatusStage		CODE           	21E6	0000	242
		_USBCtrlTrfSetupHandler		CODE           	2864	0000	144
		_USBCtrlTrfOutHandler		CODE           	29F6	0000	116
		_USBCtrlEPServiceComplete		CODE           	1C42	0000	322
		_USBSuspend    		CODE           	2C96	0000	44
		_USBStdSetCfgHandler		CODE           	22D8	0000	234
		_USBStdGetStatusHandler		CODE           	1EAA	0000	290
		_USBWakeFromSuspend		CODE           	2BF2	0000	62
		_USBCtrlTrfRxService		CODE           	1AFE	0000	324
		_USBCtrlTrfTxService		CODE           	1FCC	0000	272
		_USBEnableEndpoint		CODE           	2B1A	0000	76
		_USBConfigureEndpoint		CODE           	25EC	0000	172
		_USBDeviceInit 		CODE           	1720	0000	330
		_USBIncrement1msInternalTimers		CODE           	2C64	0000	50
		_USBCtrlEPService		CODE           	2480	0000	184
		_USBStallHandler		CODE           	2A6A	0000	96
		_USBDeviceTasks		CODE           	0C24	0000	552
		_USBCheckStdRequest		CODE           	1D84	0000	294

../usb/src/usb_device.c estimated size: 5886

C:\Program Files\Microchip\xc8\v2.36\pic\sources\c99\common\memset.c
		_memset        		CODE           	0FFE	0000	376

C:\Program Files\Microchip\xc8\v2.36\pic\sources\c99\common\memset.c estimated size: 376

../usb/src/usb_device_hid.c
		_USBCheckHIDRequest		CODE           	1460	0000	370

../usb/src/usb_device_hid.c estimated size: 370

shared
		_configDescriptor1		SMALLCONST     	086B	0000	41
		_USB_CD_Ptr    		SMALLCONST     	0807	0000	2
		_sd001         		SMALLCONST     	0809	0000	52
		_sd002         		SMALLCONST     	083D	0000	46
		i2_USBDeviceInit		CODE           	186A	0000	330
		__initialization		CODE           	2B66	0000	56
		_device_dsc    		SMALLCONST     	08B1	0000	18
		i2_SYSTEM_Initialize		CODE           	28F4	0000	140
		_USB_SD_Ptr    		SMALLCONST     	0801	0000	6
		_hid_rpt01     		SMALLCONST     	0894	0000	29
		i2_memset      		CODE           	1176	0000	374
		_sd000         		SMALLCONST     	08C3	0000	4
		i2_USBTransferOnePacket		CODE           	19B4	0000	330

shared estimated size: 1428

C:\Program Files\Microchip\xc8\v2.36\pic\sources\c99\common\memcpy.c
		_memcpy        		CODE           	2ACA	0000	80

C:\Program Files\Microchip\xc8\v2.36\pic\sources\c99\common\memcpy.c estimated size: 80

system.c
		_SYS_InterruptHigh		CODE           	0008	0000	90
		_SYSTEM_Initialize		CODE           	27D4	0000	144

system.c estimated size: 234

../demo_src/main.c
		_main          		CODE           	2CC2	0000	26

../demo_src/main.c estimated size: 26

../demo_src/app_device_custom_hid.h.c
		_scanRows      		CODE           	23C2	0000	190
		_MixerTasks    		CODE           	0E4C	0000	434
		_toggleMutes   		CODE           	2698	0000	160
		_readSliders   		CODE           	2980	0000	118
		_MixerInitialize		CODE           	2C30	0000	52

../demo_src/app_device_custom_hid.h.c estimated size: 954

